// Jest Snapshot v1, https://goo.gl/fbAQLP

exports[`ModalAddMedia renders correctly when open (snapshot test) 1`] = `"<div style="min-height: 550px; height: 80%; max-height: 300vh; max-width: 300vw; width: 60%;" open="" label="[object Object]" footer="[object Object]"><div><div defaultwidth="fill"><div><div xs="5"><input type="text" name="description" label="[object Object]" value=""></div></div><div><div xs="6"><input type="file"></div></div><div style="margin-top: 25px;"><div xs="8"><div type="error"><span>modal-add-media-error-msg-default</span></div></div></div></div></div></div>"`;
