// Jest Snapshot v1, https://goo.gl/fbAQLP

exports[`renders without crashing (snapshot) 1`] = `"<div><div panetitle="[object Object]"></div><div>Mock GetSingleIncidentTypeDetails</div><div>Mock GetIncidentCategories</div><div>Mock GetIncidentTypesDetails</div><div><div label="[object Object]"><div><div xs="8"><div><input required="" label="[object Object]" name="title" value="Type 1 - Disorderly"></div></div></div><div><div xs="4"><div><select required="" label="[object Object]" name="category_id" placeholder="Select a category" dataoptions="[object Object],[object Object]"></select></div></div></div><div><div xs="6"><textarea required="" label="[object Object]" name="description" style="width: 100%; height: 200px;">Initial description</textarea></div></div></div></div><div><button><span>cancel-button</span></button><button buttonstyle="primary"><span>save-and-close-button</span></button></div></div>"`;
