// Jest Snapshot v1, https://goo.gl/fbAQLP

exports[`renders without crashing (snapshot) 1`] = `"<div><div panetitle="[object Object]" defaultwidth="fill"><div><div xs="10"><button buttonstyle="primary"><span>settings.incident-types-new-button</span></button></div></div><ul><li><li>Type 1 - Disorderly</li><li>Type 2 - Theft</li><li>Type 2.1 - Minor</li><li>Type 10 - Assault</li></li></ul></div><div>Mock GetIncidentTypesDetails</div><div></div></div>"`;
